I'm sorry, but errors were detected in your script. Please correct the
errors listed below, and try again.


File "game/script.rpy", line 36: expected menuitem
    if respuesta:
    ^

Ren'Py Version: Ren'Py 8.1.3.23091805
Sat Nov 11 21:51:41 2023
